[     905ms] [ERROR] Failed to load resource: the server responded with a status of 401 () @ https://my.greenhouse.io/users/self?job_post_id=4792165101:0
[     912ms] UnauthorizedError: Unauthorized: User is not logged in.
    at Ys.fetchProfile (https://job-boards.cdn.greenhouse.io/assets/entry.client-3yVJKuI7.js:61:71486)
[    1349ms] [ERROR] Error: Minified React error #418; visit https://reactjs.org/docs/error-decoder.html?invariant=418 for the full message or use the non-minified dev environment for full errors and additional helpful warnings.
    at kf (https://job-boards.cdn.greenhouse.io/assets/vendor-T2hK1jFo.js:38:4812)
    at Jm (https://job-boards.cdn.greenhouse.io/assets/vendor-T2hK1jFo.js:40:45634)
    at qm (https://job-boards.cdn.greenhouse.io/assets/vendor-T2hK1jFo.js:40:39790)
    at A8 (https://job-boards.cdn.greenhouse.io/assets/vendor-T2hK1jFo.js:40:39762)
    at zm (https://job-boards.cdn.greenhouse.io/assets/vendor-T2hK1jFo.js:40:34745)
    at S (https://job-boards.cdn.greenhouse.io/assets/vendor-T2hK1jFo.js:25:1563)
    at MessagePort.j (https://job-boards.cdn.greenhouse.io/assets/vendor-T2hK1jFo.js:25:1925) @ https://job-boards.cdn.greenhouse.io/assets/vendor-T2hK1jFo.js:243
[    1372ms] [WARNING] React recovered from an error during hydration. Error: Minified React error #425; visit https://reactjs.org/docs/error-decoder.html?invariant=425 for the full message or use the non-minified dev environment for full errors and additional helpful warnings.
    at ml (https://job-boards.cdn.greenhouse.io/assets/vendor-T2hK1jFo.js:38:68)
    at x8 (https://job-boards.cdn.greenhouse.io/assets/vendor-T2hK1jFo.js:40:16079)
    at Km (https://job-boards.cdn.greenhouse.io/assets/vendor-T2hK1jFo.js:40:40098)
    at qm (https://job-boards.cdn.greenhouse.io/assets/vendor-T2hK1jFo.js:40:39851)
    at A8 (https://job-boards.cdn.greenhouse.io/assets/vendor-T2hK1jFo.js:40:39762)
    at zm (https://job-boards.cdn.greenhouse.io/assets/vendor-T2hK1jFo.js:40:34745)
    at S (https://job-boards.cdn.greenhouse.io/assets/vendor-T2hK1jFo.js:25:1563)
    at MessagePort.j (https://job-boards.cdn.greenhouse.io/assets/vendor-T2hK1jFo.js:25:1925) @ https://job-boards.cdn.greenhouse.io/assets/vendor-T2hK1jFo.js:243
[    1372ms] [WARNING] React recovered from an error during hydration. Error: Minified React error #418; visit https://reactjs.org/docs/error-decoder.html?invariant=418 for the full message or use the non-minified dev environment for full errors and additional helpful warnings.
    at kf (https://job-boards.cdn.greenhouse.io/assets/vendor-T2hK1jFo.js:38:4812)
    at Jm (https://job-boards.cdn.greenhouse.io/assets/vendor-T2hK1jFo.js:40:45634)
    at qm (https://job-boards.cdn.greenhouse.io/assets/vendor-T2hK1jFo.js:40:39790)
    at A8 (https://job-boards.cdn.greenhouse.io/assets/vendor-T2hK1jFo.js:40:39762)
    at zm (https://job-boards.cdn.greenhouse.io/assets/vendor-T2hK1jFo.js:40:34745)
    at S (https://job-boards.cdn.greenhouse.io/assets/vendor-T2hK1jFo.js:25:1563)
    at MessagePort.j (https://job-boards.cdn.greenhouse.io/assets/vendor-T2hK1jFo.js:25:1925) @ https://job-boards.cdn.greenhouse.io/assets/vendor-T2hK1jFo.js:243
[    1372ms] [WARNING] React recovered from an error during hydration. Error: Minified React error #418; visit https://reactjs.org/docs/error-decoder.html?invariant=418 for the full message or use the non-minified dev environment for full errors and additional helpful warnings.
    at kf (https://job-boards.cdn.greenhouse.io/assets/vendor-T2hK1jFo.js:38:4812)
    at Jm (https://job-boards.cdn.greenhouse.io/assets/vendor-T2hK1jFo.js:40:45634)
    at qm (https://job-boards.cdn.greenhouse.io/assets/vendor-T2hK1jFo.js:40:39790)
    at A8 (https://job-boards.cdn.greenhouse.io/assets/vendor-T2hK1jFo.js:40:39762)
    at zm (https://job-boards.cdn.greenhouse.io/assets/vendor-T2hK1jFo.js:40:34745)
    at S (https://job-boards.cdn.greenhouse.io/assets/vendor-T2hK1jFo.js:25:1563)
    at MessagePort.j (https://job-boards.cdn.greenhouse.io/assets/vendor-T2hK1jFo.js:25:1925) @ https://job-boards.cdn.greenhouse.io/assets/vendor-T2hK1jFo.js:243
[    1372ms] [WARNING] React recovered from an error during hydration. Error: Minified React error #418; visit https://reactjs.org/docs/error-decoder.html?invariant=418 for the full message or use the non-minified dev environment for full errors and additional helpful warnings.
    at kf (https://job-boards.cdn.greenhouse.io/assets/vendor-T2hK1jFo.js:38:4812)
    at Jm (https://job-boards.cdn.greenhouse.io/assets/vendor-T2hK1jFo.js:40:45634)
    at qm (https://job-boards.cdn.greenhouse.io/assets/vendor-T2hK1jFo.js:40:39790)
    at A8 (https://job-boards.cdn.greenhouse.io/assets/vendor-T2hK1jFo.js:40:39762)
    at zm (https://job-boards.cdn.greenhouse.io/assets/vendor-T2hK1jFo.js:40:34745)
    at S (https://job-boards.cdn.greenhouse.io/assets/vendor-T2hK1jFo.js:25:1563)
    at MessagePort.j (https://job-boards.cdn.greenhouse.io/assets/vendor-T2hK1jFo.js:25:1925) @ https://job-boards.cdn.greenhouse.io/assets/vendor-T2hK1jFo.js:243
[    1372ms] [WARNING] React recovered from an error during hydration. Error: Minified React error #423; visit https://reactjs.org/docs/error-decoder.html?invariant=423 for the full message or use the non-minified dev environment for full errors and additional helpful warnings.
    at Jm (https://job-boards.cdn.greenhouse.io/assets/vendor-T2hK1jFo.js:40:45291)
    at qm (https://job-boards.cdn.greenhouse.io/assets/vendor-T2hK1jFo.js:40:39790)
    at L8 (https://job-boards.cdn.greenhouse.io/assets/vendor-T2hK1jFo.js:40:39718)
    at ku (https://job-boards.cdn.greenhouse.io/assets/vendor-T2hK1jFo.js:40:39570)
    at Gf (https://job-boards.cdn.greenhouse.io/assets/vendor-T2hK1jFo.js:40:35934)
    at zm (https://job-boards.cdn.greenhouse.io/assets/vendor-T2hK1jFo.js:40:34883)
    at S (https://job-boards.cdn.greenhouse.io/assets/vendor-T2hK1jFo.js:25:1563)
    at MessagePort.j (https://job-boards.cdn.greenhouse.io/assets/vendor-T2hK1jFo.js:25:1925) @ https://job-boards.cdn.greenhouse.io/assets/vendor-T2hK1jFo.js:243
[    1471ms] [WARNING] A preload for 'https://s101-recruiting.cdn.greenhouse.io/job_board_renderer/custom_fonts/fonts/400/007/010/original/AeonikPro-Regular.woff?1754997247' is found, but is not used because the request credentials mode does not match. Consider taking a look at crossorigin attribute. @ https://job-boards.eu.greenhouse.io/physicsx?error=true:0
[    1471ms] [WARNING] A preload for 'https://s101-recruiting.cdn.greenhouse.io/job_board_renderer/custom_fonts/fonts/400/007/210/original/AeonikPro-Light.woff?1754997266' is found, but is not used because the request credentials mode does not match. Consider taking a look at crossorigin attribute. @ https://job-boards.eu.greenhouse.io/physicsx?error=true:0
[    4382ms] [WARNING] The resource https://app.ashbyhq.com/api/images/org-theme-logo/16b20d5d-a188-4828-8369-b8e050f84ca6/3b9ed46b-1f7c-4840-8ebb-6395f9cbcdbf/22b577f4-0bef-4c92-8082-d3d986903c03.png was preloaded using link preload but not used within a few seconds from the window's load event. Please make sure it has an appropriate `as` value and it is preloaded intentionally. @ https://jobs.ashbyhq.com/writer/8889d06e-efa9-4096-b806-f1626fe060ae:0
[    4552ms] [WARNING] The resource https://s101-recruiting.cdn.greenhouse.io/job_board_renderer/custom_fonts/fonts/400/007/010/original/AeonikPro-Regular.woff?1754997247 was preloaded using link preload but not used within a few seconds from the window's load event. Please make sure it has an appropriate `as` value and it is preloaded intentionally. @ https://job-boards.eu.greenhouse.io/physicsx?error=true:0
[    4552ms] [WARNING] The resource https://s101-recruiting.cdn.greenhouse.io/job_board_renderer/custom_fonts/fonts/400/007/210/original/AeonikPro-Light.woff?1754997266 was preloaded using link preload but not used within a few seconds from the window's load event. Please make sure it has an appropriate `as` value and it is preloaded intentionally. @ https://job-boards.eu.greenhouse.io/physicsx?error=true:0
[   10757ms] [LOG] Download the Apollo DevTools for a better development experience: %s https://chrome.google.com/webstore/detail/apollo-client-developer-t/jdkknkkbebbapilgoeccciglkfbmbnfm @ https://cdn.ashbyprd.com/frontend_non_user/9fdb82c59816092bf74304dfb8673860113573c2/assets/index-BHgQsHyZ.js:31
